stm32_tm1637.c:35:6:tm1637Init	40	static
stm32_tm1637.c:51:6:tm1637DisplayDecimal	32	static
stm32_tm1637.c:81:6:tm1637SetBrightness	16	static
stm32_tm1637.c:94:6:_tm1637Start	8	static
stm32_tm1637.c:102:6:_tm1637Stop	8	static
stm32_tm1637.c:113:6:_tm1637ReadResult	8	static
stm32_tm1637.c:123:6:_tm1637WriteByte	24	static
stm32_tm1637.c:140:6:_tm1637DelayUsec	24	static,ignoring_inline_asm
stm32_tm1637.c:149:6:_tm1637ClkHigh	8	static
stm32_tm1637.c:154:6:_tm1637ClkLow	8	static
stm32_tm1637.c:159:6:_tm1637DioHigh	8	static
stm32_tm1637.c:164:6:_tm1637DioLow	8	static
